// Jest Snapshot v1, https://goo.gl/fbAQLP

exports[`App Should match snapshot, render Header, Body, and Footer 1`] = `
<div
  id="App"
>
  <Component
    shouldInfoDisplay={false}
    toggleInfoDisplay={[Function]}
  />
  <Component
    codeBlocks={Array []}
    destroyBlock={[Function]}
    isValidTab={true}
    moveBlock={[Function]}
    recStatus="off"
  />
  <Component
    copyToClipboard={[Function]}
    handleToggle={[Function]}
    isValidTab={true}
    recStatus="off"
  />
</div>
`;
